usb_xhci_port_link port 5, pls 7
usb_xhci_port_notify port 5, bits 0x20000
usb_xhci_reset === RESET ===
usb_xhci_slot_disable slotid 1
usb_xhci_slot_disable slotid 2
usb_xhci_slot_disable slotid 3
usb_xhci_slot_disable slotid 4
usb_xhci_slot_disable slotid 5
usb_xhci_slot_disable slotid 6
usb_xhci_slot_disable slotid 7
usb_xhci_slot_disable slotid 8
usb_xhci_slot_disable slotid 9
usb_xhci_slot_disable slotid 10
usb_xhci_slot_disable slotid 11
usb_xhci_slot_disable slotid 12
usb_xhci_slot_disable slotid 13
usb_xhci_slot_disable slotid 14
usb_xhci_slot_disable slotid 15
usb_xhci_slot_disable slotid 16
usb_xhci_slot_disable slotid 17
usb_xhci_slot_disable slotid 18
usb_xhci_slot_disable slotid 19
usb_xhci_slot_disable slotid 20
usb_xhci_slot_disable slotid 21
usb_xhci_slot_disable slotid 22
usb_xhci_slot_disable slotid 23
usb_xhci_slot_disable slotid 24
usb_xhci_slot_disable slotid 25
usb_xhci_slot_disable slotid 26
usb_xhci_slot_disable slotid 27
usb_xhci_slot_disable slotid 28
usb_xhci_slot_disable slotid 29
usb_xhci_slot_disable slotid 30
usb_xhci_slot_disable slotid 31
usb_xhci_slot_disable slotid 32
usb_xhci_slot_disable slotid 33
usb_xhci_slot_disable slotid 34
usb_xhci_slot_disable slotid 35
usb_xhci_slot_disable slotid 36
usb_xhci_slot_disable slotid 37
usb_xhci_slot_disable slotid 38
usb_xhci_slot_disable slotid 39
usb_xhci_slot_disable slotid 40
usb_xhci_slot_disable slotid 41
usb_xhci_slot_disable slotid 42
usb_xhci_slot_disable slotid 43
usb_xhci_slot_disable slotid 44
usb_xhci_slot_disable slotid 45
usb_xhci_slot_disable slotid 46
usb_xhci_slot_disable slotid 47
usb_xhci_slot_disable slotid 48
usb_xhci_slot_disable slotid 49
usb_xhci_slot_disable slotid 50
usb_xhci_slot_disable slotid 51
usb_xhci_slot_disable slotid 52
usb_xhci_slot_disable slotid 53
usb_xhci_slot_disable slotid 54
usb_xhci_slot_disable slotid 55
usb_xhci_slot_disable slotid 56
usb_xhci_slot_disable slotid 57
usb_xhci_slot_disable slotid 58
usb_xhci_slot_disable slotid 59
usb_xhci_slot_disable slotid 60
usb_xhci_slot_disable slotid 61
usb_xhci_slot_disable slotid 62
usb_xhci_slot_disable slotid 63
usb_xhci_slot_disable slotid 64
usb_xhci_port_link port 1, pls 5
usb_xhci_port_notify port 1, bits 0x20000
usb_xhci_port_link port 2, pls 5
usb_xhci_port_notify port 2, bits 0x20000
usb_xhci_port_link port 3, pls 5
usb_xhci_port_notify port 3, bits 0x20000
usb_xhci_port_link port 4, pls 5
usb_xhci_port_notify port 4, bits 0x20000
usb_xhci_port_link port 5, pls 7
usb_xhci_port_notify port 5, bits 0x20000
usb_xhci_port_link port 6, pls 5
usb_xhci_port_notify port 6, bits 0x20000
usb_xhci_port_link port 7, pls 5
usb_xhci_port_notify port 7, bits 0x20000
usb_xhci_port_link port 8, pls 5
usb_xhci_port_notify port 8, bits 0x20000
usb_xhci_cap_read off 0x0000, ret 0x01000040
usb_xhci_cap_read off 0x0000, ret 0x01000040
usb_xhci_cap_read off 0x0014, ret 0x00002000
usb_xhci_cap_read off 0x0018, ret 0x00001000
usb_xhci_cap_read off 0x0004, ret 0x08001040
usb_xhci_cap_read off 0x0010, ret 0x00087001
usb_xhci_cap_read off 0x0020, ret 0x02000402
usb_xhci_cap_read off 0x0024, ret 0x20425355
usb_xhci_cap_read off 0x0028, ret 0x00000405
usb_xhci_cap_read off 0x0030, ret 0x03000002
usb_xhci_cap_read off 0x0034, ret 0x20425355
usb_xhci_cap_read off 0x0038, ret 0x00000401
usb_xhci_oper_read off 0x0008, ret 0x00000001
usb_xhci_oper_read off 0x0000, ret 0x00000000
usb_xhci_oper_write off 0x0000, val 0x00000002
usb_xhci_reset === RESET ===
usb_xhci_slot_disable slotid 1
usb_xhci_slot_disable slotid 2
usb_xhci_slot_disable slotid 3
usb_xhci_slot_disable slotid 4
usb_xhci_slot_disable slotid 5
usb_xhci_slot_disable slotid 6
usb_xhci_slot_disable slotid 7
usb_xhci_slot_disable slotid 8
usb_xhci_slot_disable slotid 9
usb_xhci_slot_disable slotid 10
usb_xhci_slot_disable slotid 11
usb_xhci_slot_disable slotid 12
usb_xhci_slot_disable slotid 13
usb_xhci_slot_disable slotid 14
usb_xhci_slot_disable slotid 15
usb_xhci_slot_disable slotid 16
usb_xhci_slot_disable slotid 17
usb_xhci_slot_disable slotid 18
usb_xhci_slot_disable slotid 19
usb_xhci_slot_disable slotid 20
usb_xhci_slot_disable slotid 21
usb_xhci_slot_disable slotid 22
usb_xhci_slot_disable slotid 23
usb_xhci_slot_disable slotid 24
usb_xhci_slot_disable slotid 25
usb_xhci_slot_disable slotid 26
usb_xhci_slot_disable slotid 27
usb_xhci_slot_disable slotid 28
usb_xhci_slot_disable slotid 29
usb_xhci_slot_disable slotid 30
usb_xhci_slot_disable slotid 31
usb_xhci_slot_disable slotid 32
usb_xhci_slot_disable slotid 33
usb_xhci_slot_disable slotid 34
usb_xhci_slot_disable slotid 35
usb_xhci_slot_disable slotid 36
usb_xhci_slot_disable slotid 37
usb_xhci_slot_disable slotid 38
usb_xhci_slot_disable slotid 39
usb_xhci_slot_disable slotid 40
usb_xhci_slot_disable slotid 41
usb_xhci_slot_disable slotid 42
usb_xhci_slot_disable slotid 43
usb_xhci_slot_disable slotid 44
usb_xhci_slot_disable slotid 45
usb_xhci_slot_disable slotid 46
usb_xhci_slot_disable slotid 47
usb_xhci_slot_disable slotid 48
usb_xhci_slot_disable slotid 49
usb_xhci_slot_disable slotid 50
usb_xhci_slot_disable slotid 51
usb_xhci_slot_disable slotid 52
usb_xhci_slot_disable slotid 53
usb_xhci_slot_disable slotid 54
usb_xhci_slot_disable slotid 55
usb_xhci_slot_disable slotid 56
usb_xhci_slot_disable slotid 57
usb_xhci_slot_disable slotid 58
usb_xhci_slot_disable slotid 59
usb_xhci_slot_disable slotid 60
usb_xhci_slot_disable slotid 61
usb_xhci_slot_disable slotid 62
usb_xhci_slot_disable slotid 63
usb_xhci_slot_disable slotid 64
usb_xhci_port_link port 1, pls 5
usb_xhci_port_notify port 1, bits 0x20000
usb_xhci_port_link port 2, pls 5
usb_xhci_port_notify port 2, bits 0x20000
usb_xhci_port_link port 3, pls 5
usb_xhci_port_notify port 3, bits 0x20000
usb_xhci_port_link port 4, pls 5
usb_xhci_port_notify port 4, bits 0x20000
usb_xhci_port_link port 5, pls 7
usb_xhci_port_notify port 5, bits 0x20000
usb_xhci_port_link port 6, pls 5
usb_xhci_port_notify port 6, bits 0x20000
usb_xhci_port_link port 7, pls 5
usb_xhci_port_notify port 7, bits 0x20000
usb_xhci_port_link port 8, pls 5
usb_xhci_port_notify port 8, bits 0x20000
usb_xhci_oper_read off 0x0000, ret 0x00000000
usb_xhci_oper_read off 0x0004, ret 0x00000001
usb_xhci_oper_write off 0x0038, val 0x00000040
usb_xhci_oper_write off 0x0030, val 0x1ffdfd80
usb_xhci_oper_write off 0x0034, val 0x00000000
usb_xhci_oper_write off 0x0018, val 0x1ffdfc01
usb_xhci_oper_write off 0x001c, val 0x00000000
usb_xhci_runtime_write off 0x0028, val 0x00000001
usb_xhci_runtime_write off 0x0038, val 0x1ffdfa00
usb_xhci_runtime_write off 0x003c, val 0x00000000
usb_xhci_runtime_write off 0x0030, val 0x1ffdfd40
usb_xhci_runtime_write off 0x0034, val 0x00000000
usb_xhci_cap_read off 0x0008, ret 0x0000000f
usb_xhci_oper_read off 0x0000, ret 0x00000000
usb_xhci_oper_write off 0x0000, val 0x00000001
usb_xhci_run 
usb_xhci_port_read port 1, off 0x0000, ret 0x000202a0
usb_xhci_port_read port 2, off 0x0000, ret 0x000202a0
usb_xhci_port_read port 3, off 0x0000, ret 0x000202a0
usb_xhci_port_read port 4, off 0x0000, ret 0x000202a0
usb_xhci_port_read port 5, off 0x0000, ret 0x00020ee1
usb_xhci_port_read port 5, off 0x0000, ret 0x00020ee1
usb_xhci_port_write port 5, off 0x0000, val 0x00020ef1
usb_xhci_port_reset port 5, warm 0
usb_xhci_port_link port 5, pls 0
usb_xhci_port_notify port 5, bits 0x200000
usb_xhci_queue_event v 0, idx 0, ER_PORT_STATUS_CHANGE, CC_SUCCESS, p 0x0000000005000000, s 0x01000000, c 0x00008801
usb_xhci_port_read port 5, off 0x0000, ret 0x00220e03
usb_xhci_port_read port 6, off 0x0000, ret 0x000202a0
usb_xhci_port_read port 7, off 0x0000, ret 0x000202a0
usb_xhci_port_read port 8, off 0x0000, ret 0x000202a0
usb_xhci_port_read port 1, off 0x0000, ret 0x000202a0
usb_xhci_port_read port 2, off 0x0000, ret 0x000202a0
usb_xhci_port_read port 3, off 0x0000, ret 0x000202a0
usb_xhci_port_read port 4, off 0x0000, ret 0x000202a0
usb_xhci_port_read port 6, off 0x0000, ret 0x000202a0
usb_xhci_port_read port 7, off 0x0000, ret 0x000202a0
usb_xhci_port_read port 8, off 0x0000, ret 0x000202a0
usb_xhci_port_read port 1, off 0x0000, ret 0x000202a0
usb_xhci_port_read port 2, off 0x0000, ret 0x000202a0
usb_xhci_port_read port 3, off 0x0000, ret 0x000202a0
usb_xhci_port_read port 4, off 0x0000, ret 0x000202a0
usb_xhci_doorbell_write off 0x0000, val 0x00000000
usb_xhci_fetch_trb addr 0x000000001ffdfc00, CR_ENABLE_SLOT, p 0x0000000000000000, s 0x00000000, c 0x00002401
usb_xhci_slot_enable slotid 1
usb_xhci_queue_event v 0, idx 1, ER_COMMAND_COMPLETE, CC_SUCCESS, p 0x000000001ffdfc00, s 0x01000000, c 0x01008401
usb_xhci_fetch_trb addr 0x000000001ffdfc10, TRB_RESERVED, p 0x0000000000000000, s 0x00000000, c 0x00000000
usb_xhci_port_read port 5, off 0x0000, ret 0x00220e03
usb_xhci_port_write port 5, off 0x0000, val 0x00220e21
usb_xhci_runtime_write off 0x0038, val 0x1ffdfa10
usb_xhci_runtime_write off 0x003c, val 0x00000000
usb_xhci_runtime_write off 0x0038, val 0x1ffdfa20
usb_xhci_runtime_write off 0x003c, val 0x00000000
usb_xhci_port_read port 5, off 0x0000, ret 0x00000e03
usb_xhci_doorbell_write off 0x0000, val 0x00000000
usb_xhci_fetch_trb addr 0x000000001ffdfc10, CR_ADDRESS_DEVICE, p 0x000000001efe2800, s 0x00000000, c 0x01002c01
usb_xhci_slot_address slotid 1, port 1
usb_xhci_ep_enable slotid 1, epid 1
usb_xhci_queue_event v 0, idx 2, ER_COMMAND_COMPLETE, CC_SUCCESS, p 0x000000001ffdfc10, s 0x01000000, c 0x01008401
usb_xhci_fetch_trb addr 0x000000001ffdfc20, TRB_RESERVED, p 0x0000000000000000, s 0x00000000, c 0x00000000
usb_xhci_runtime_write off 0x0038, val 0x1ffdfa30
usb_xhci_runtime_write off 0x003c, val 0x00000000
usb_xhci_port_read port 8, off 0x0000, ret 0x000202a0
usb_xhci_port_read port 7, off 0x0000, ret 0x000202a0
usb_xhci_port_read port 6, off 0x0000, ret 0x000202a0
usb_xhci_doorbell_write off 0x0004, val 0x00000001
usb_xhci_ep_kick slotid 1, epid 1, streamid 0
usb_xhci_fetch_trb addr 0x000000001ffdf800, TR_SETUP, p 0x0008000001000680, s 0x00000008, c 0x00030841
usb_xhci_fetch_trb addr 0x000000001ffdf810, TR_DATA, p 0x000000001efe1f96, s 0x00000008, c 0x00010c01
usb_xhci_fetch_trb addr 0x000000001ffdf820, TR_STATUS, p 0x0000000000000000, s 0x00000000, c 0x00001021
usb_xhci_xfer_start 0x7be23c24a330: slotid 1, epid 1, streamid 0
usb_xhci_xfer_success 0x7be23c24a330: len 8
usb_xhci_queue_event v 0, idx 3, ER_TRANSFER, CC_SUCCESS, p 0x000000001ffdf820, s 0x01000000, c 0x01018001
usb_xhci_runtime_write off 0x0038, val 0x1ffdfa40
usb_xhci_runtime_write off 0x003c, val 0x00000000
usb_xhci_doorbell_write off 0x0004, val 0x00000001
usb_xhci_ep_kick slotid 1, epid 1, streamid 0
usb_xhci_fetch_trb addr 0x000000001ffdf830, TR_SETUP, p 0x0009000002000680, s 0x00000008, c 0x00030841
usb_xhci_fetch_trb addr 0x000000001ffdf840, TR_DATA, p 0x000000001efe1fa8, s 0x00000009, c 0x00010c01
usb_xhci_fetch_trb addr 0x000000001ffdf850, TR_STATUS, p 0x0000000000000000, s 0x00000000, c 0x00001021
usb_xhci_xfer_start 0x7be23c055440: slotid 1, epid 1, streamid 0
usb_xhci_xfer_success 0x7be23c055440: len 9
usb_xhci_queue_event v 0, idx 4, ER_TRANSFER, CC_SUCCESS, p 0x000000001ffdf850, s 0x01000000, c 0x01018001
usb_xhci_runtime_write off 0x0038, val 0x1ffdfa50
usb_xhci_runtime_write off 0x003c, val 0x00000000
usb_xhci_doorbell_write off 0x0004, val 0x00000001
usb_xhci_ep_kick slotid 1, epid 1, streamid 0
usb_xhci_fetch_trb addr 0x000000001ffdf860, TR_SETUP, p 0x0022000002000680, s 0x00000008, c 0x00030841
usb_xhci_fetch_trb addr 0x000000001ffdf870, TR_DATA, p 0x000000001efe8320, s 0x00000022, c 0x00010c01
usb_xhci_fetch_trb addr 0x000000001ffdf880, TR_STATUS, p 0x0000000000000000, s 0x00000000, c 0x00001021
usb_xhci_xfer_start 0x7be23c055440: slotid 1, epid 1, streamid 0
usb_xhci_xfer_success 0x7be23c055440: len 34
usb_xhci_queue_event v 0, idx 5, ER_TRANSFER, CC_SUCCESS, p 0x000000001ffdf880, s 0x01000000, c 0x01018001
usb_xhci_runtime_write off 0x0038, val 0x1ffdfa60
usb_xhci_runtime_write off 0x003c, val 0x00000000
usb_xhci_doorbell_write off 0x0004, val 0x00000001
usb_xhci_ep_kick slotid 1, epid 1, streamid 0
usb_xhci_fetch_trb addr 0x000000001ffdf890, TR_SETUP, p 0x0000000000010900, s 0x00000008, c 0x00000841
usb_xhci_fetch_trb addr 0x000000001ffdf8a0, TR_STATUS, p 0x0000000000000000, s 0x00000000, c 0x00011021
usb_xhci_xfer_start 0x7be23c055440: slotid 1, epid 1, streamid 0
usb_xhci_xfer_success 0x7be23c055440: len 0
usb_xhci_queue_event v 0, idx 6, ER_TRANSFER, CC_SUCCESS, p 0x000000001ffdf8a0, s 0x01000000, c 0x01018001
usb_xhci_runtime_write off 0x0038, val 0x1ffdfa70
usb_xhci_runtime_write off 0x003c, val 0x00000000
usb_xhci_doorbell_write off 0x0004, val 0x00000001
usb_xhci_ep_kick slotid 1, epid 1, streamid 0
usb_xhci_fetch_trb addr 0x000000001ffdf8b0, TR_SETUP, p 0x0000000000000b21, s 0x00000008, c 0x00000841
usb_xhci_fetch_trb addr 0x000000001ffdf8c0, TR_STATUS, p 0x0000000000000000, s 0x00000000, c 0x00011021
usb_xhci_xfer_start 0x7be23c055440: slotid 1, epid 1, streamid 0
usb_xhci_xfer_success 0x7be23c055440: len 0
usb_xhci_queue_event v 0, idx 7, ER_TRANSFER, CC_SUCCESS, p 0x000000001ffdf8c0, s 0x01000000, c 0x01018001
usb_xhci_runtime_write off 0x0038, val 0x1ffdfa80
usb_xhci_runtime_write off 0x003c, val 0x00000000
usb_xhci_doorbell_write off 0x0004, val 0x00000001
usb_xhci_ep_kick slotid 1, epid 1, streamid 0
usb_xhci_fetch_trb addr 0x000000001ffdf8d0, TR_SETUP, p 0x0000000008000a21, s 0x00000008, c 0x00000841
usb_xhci_fetch_trb addr 0x000000001ffdf8e0, TR_STATUS, p 0x0000000000000000, s 0x00000000, c 0x00011021
usb_xhci_xfer_start 0x7be23c055440: slotid 1, epid 1, streamid 0
usb_xhci_xfer_success 0x7be23c055440: len 0
usb_xhci_queue_event v 0, idx 8, ER_TRANSFER, CC_SUCCESS, p 0x000000001ffdf8e0, s 0x01000000, c 0x01018001
usb_xhci_runtime_write off 0x0038, val 0x1ffdfa90
usb_xhci_runtime_write off 0x003c, val 0x00000000
usb_xhci_port_read port 5, off 0x0000, ret 0x00000e03
usb_xhci_doorbell_write off 0x0000, val 0x00000000
usb_xhci_fetch_trb addr 0x000000001ffdfc20, CR_CONFIGURE_ENDPOINT, p 0x000000001efe2800, s 0x00000000, c 0x01003001
usb_xhci_slot_configure slotid 1
usb_xhci_ep_disable slotid 1, epid 3
usb_xhci_ep_enable slotid 1, epid 3
usb_xhci_queue_event v 0, idx 9, ER_COMMAND_COMPLETE, CC_SUCCESS, p 0x000000001ffdfc20, s 0x01000000, c 0x01008401
usb_xhci_fetch_trb addr 0x000000001ffdfc30, TRB_RESERVED, p 0x0000000000000000, s 0x00000000, c 0x00000000
usb_xhci_runtime_write off 0x0038, val 0x1ffdfaa0
usb_xhci_runtime_write off 0x003c, val 0x00000000
usb_xhci_port_read port 3, off 0x0000, ret 0x000202a0
usb_xhci_port_read port 2, off 0x0000, ret 0x000202a0
usb_xhci_port_read port 1, off 0x0000, ret 0x000202a0
usb_xhci_port_read port 4, off 0x0000, ret 0x000202a0
usb_xhci_port_read port 8, off 0x0000, ret 0x000202a0
usb_xhci_port_read port 7, off 0x0000, ret 0x000202a0
usb_xhci_port_read port 6, off 0x0000, ret 0x000202a0
usb_xhci_port_read port 4, off 0x0000, ret 0x000202a0
usb_xhci_port_read port 3, off 0x0000, ret 0x000202a0
usb_xhci_port_read port 2, off 0x0000, ret 0x000202a0
usb_xhci_port_read port 1, off 0x0000, ret 0x000202a0
usb_xhci_port_read port 8, off 0x0000, ret 0x000202a0
usb_xhci_port_read port 7, off 0x0000, ret 0x000202a0
usb_xhci_port_read port 6, off 0x0000, ret 0x000202a0
usb_xhci_port_read port 4, off 0x0000, ret 0x000202a0
usb_xhci_port_read port 3, off 0x0000, ret 0x000202a0
usb_xhci_port_read port 2, off 0x0000, ret 0x000202a0
usb_xhci_port_read port 1, off 0x0000, ret 0x000202a0
usb_xhci_port_read port 8, off 0x0000, ret 0x000202a0
usb_xhci_port_read port 7, off 0x0000, ret 0x000202a0
usb_xhci_port_read port 6, off 0x0000, ret 0x000202a0
usb_xhci_port_read port 4, off 0x0000, ret 0x000202a0
usb_xhci_port_read port 3, off 0x0000, ret 0x000202a0
usb_xhci_port_read port 2, off 0x0000, ret 0x000202a0
usb_xhci_port_read port 1, off 0x0000, ret 0x000202a0
usb_xhci_port_read port 8, off 0x0000, ret 0x000202a0
usb_xhci_port_read port 7, off 0x0000, ret 0x000202a0
usb_xhci_port_read port 6, off 0x0000, ret 0x000202a0
usb_xhci_port_read port 4, off 0x0000, ret 0x000202a0
usb_xhci_port_read port 3, off 0x0000, ret 0x000202a0
usb_xhci_port_read port 2, off 0x0000, ret 0x000202a0
usb_xhci_port_read port 1, off 0x0000, ret 0x000202a0
usb_xhci_port_read port 8, off 0x0000, ret 0x000202a0
usb_xhci_port_read port 7, off 0x0000, ret 0x000202a0
usb_xhci_port_read port 6, off 0x0000, ret 0x000202a0
usb_xhci_port_read port 4, off 0x0000, ret 0x000202a0
usb_xhci_port_read port 3, off 0x0000, ret 0x000202a0
usb_xhci_port_read port 2, off 0x0000, ret 0x000202a0
usb_xhci_port_read port 1, off 0x0000, ret 0x000202a0
usb_xhci_port_read port 8, off 0x0000, ret 0x000202a0
usb_xhci_port_read port 7, off 0x0000, ret 0x000202a0
usb_xhci_port_read port 6, off 0x0000, ret 0x000202a0
usb_xhci_port_read port 4, off 0x0000, ret 0x000202a0
usb_xhci_ep_kick slotid 1, epid 3, streamid 0
usb_xhci_port_read port 3, off 0x0000, ret 0x000202a0
usb_xhci_port_read port 2, off 0x0000, ret 0x000202a0
usb_xhci_port_read port 1, off 0x0000, ret 0x000202a0
usb_xhci_port_read port 8, off 0x0000, ret 0x000202a0
usb_xhci_port_read port 7, off 0x0000, ret 0x000202a0
usb_xhci_port_read port 6, off 0x0000, ret 0x000202a0
usb_xhci_port_read port 4, off 0x0000, ret 0x000202a0
usb_xhci_port_read port 3, off 0x0000, ret 0x000202a0
usb_xhci_port_read port 2, off 0x0000, ret 0x000202a0
usb_xhci_port_read port 1, off 0x0000, ret 0x000202a0
usb_xhci_port_read port 8, off 0x0000, ret 0x000202a0
usb_xhci_port_read port 7, off 0x0000, ret 0x000202a0
usb_xhci_port_read port 6, off 0x0000, ret 0x000202a0
usb_xhci_port_read port 4, off 0x0000, ret 0x000202a0
usb_xhci_port_read port 3, off 0x0000, ret 0x000202a0
usb_xhci_port_read port 2, off 0x0000, ret 0x000202a0
usb_xhci_port_read port 1, off 0x0000, ret 0x000202a0
usb_xhci_port_read port 8, off 0x0000, ret 0x000202a0
usb_xhci_port_read port 7, off 0x0000, ret 0x000202a0
usb_xhci_port_read port 6, off 0x0000, ret 0x000202a0
usb_xhci_port_read port 4, off 0x0000, ret 0x000202a0
usb_xhci_port_read port 3, off 0x0000, ret 0x000202a0
usb_xhci_port_read port 2, off 0x0000, ret 0x000202a0
usb_xhci_port_read port 1, off 0x0000, ret 0x000202a0
usb_xhci_port_read port 8, off 0x0000, ret 0x000202a0
usb_xhci_port_read port 7, off 0x0000, ret 0x000202a0
usb_xhci_port_read port 6, off 0x0000, ret 0x000202a0
usb_xhci_port_read port 4, off 0x0000, ret 0x000202a0
usb_xhci_port_read port 3, off 0x0000, ret 0x000202a0
usb_xhci_port_read port 2, off 0x0000, ret 0x000202a0
usb_xhci_port_read port 1, off 0x0000, ret 0x000202a0
usb_xhci_port_read port 8, off 0x0000, ret 0x000202a0
usb_xhci_port_read port 7, off 0x0000, ret 0x000202a0
usb_xhci_port_read port 6, off 0x0000, ret 0x000202a0
usb_xhci_doorbell_write off 0x0004, val 0x00000003
usb_xhci_ep_kick slotid 1, epid 3, streamid 0
usb_xhci_fetch_trb addr 0x00000000000e8200, TR_NORMAL, p 0x000000001ffdffa0, s 0x00000008, c 0x00000421
usb_xhci_xfer_start 0x7be23c055440: slotid 1, epid 3, streamid 0
usb_xhci_port_read port 4, off 0x0000, ret 0x000202a0
usb_xhci_port_read port 3, off 0x0000, ret 0x000202a0
usb_xhci_port_read port 2, off 0x0000, ret 0x000202a0
usb_xhci_port_read port 1, off 0x0000, ret 0x000202a0
usb_xhci_port_read port 8, off 0x0000, ret 0x000202a0
usb_xhci_port_read port 7, off 0x0000, ret 0x000202a0
usb_xhci_port_read port 6, off 0x0000, ret 0x000202a0
usb_xhci_ep_kick slotid 1, epid 3, streamid 0
usb_xhci_xfer_retry 0x7be23c055440
usb_xhci_xfer_success 0x7be23c055440: len 8
usb_xhci_queue_event v 0, idx 10, ER_TRANSFER, CC_SUCCESS, p 0x00000000000e8200, s 0x01000000, c 0x01038001
usb_xhci_port_read port 4, off 0x0000, ret 0x000202a0
usb_xhci_port_read port 3, off 0x0000, ret 0x000202a0
usb_xhci_port_read port 2, off 0x0000, ret 0x000202a0
usb_xhci_port_read port 1, off 0x0000, ret 0x000202a0
usb_xhci_port_read port 8, off 0x0000, ret 0x000202a0
usb_xhci_port_read port 7, off 0x0000, ret 0x000202a0
usb_xhci_port_read port 6, off 0x0000, ret 0x000202a0
usb_xhci_port_read port 4, off 0x0000, ret 0x000202a0
usb_xhci_port_read port 3, off 0x0000, ret 0x000202a0
usb_xhci_port_read port 2, off 0x0000, ret 0x000202a0
usb_xhci_port_read port 1, off 0x0000, ret 0x000202a0
usb_xhci_port_read port 8, off 0x0000, ret 0x000202a0
usb_xhci_port_read port 7, off 0x0000, ret 0x000202a0
usb_xhci_port_read port 6, off 0x0000, ret 0x000202a0
usb_xhci_port_read port 4, off 0x0000, ret 0x000202a0
usb_xhci_port_read port 3, off 0x0000, ret 0x000202a0
usb_xhci_port_read port 2, off 0x0000, ret 0x000202a0
usb_xhci_port_read port 1, off 0x0000, ret 0x000202a0
usb_xhci_port_read port 8, off 0x0000, ret 0x000202a0
usb_xhci_port_read port 7, off 0x0000, ret 0x000202a0
usb_xhci_port_read port 6, off 0x0000, ret 0x000202a0
usb_xhci_port_read port 4, off 0x0000, ret 0x000202a0
usb_xhci_port_read port 3, off 0x0000, ret 0x000202a0
usb_xhci_port_read port 2, off 0x0000, ret 0x000202a0
usb_xhci_port_read port 1, off 0x0000, ret 0x000202a0
usb_xhci_port_read port 8, off 0x0000, ret 0x000202a0
usb_xhci_port_read port 7, off 0x0000, ret 0x000202a0
usb_xhci_port_read port 6, off 0x0000, ret 0x000202a0
usb_xhci_port_read port 4, off 0x0000, ret 0x000202a0
usb_xhci_port_read port 3, off 0x0000, ret 0x000202a0
usb_xhci_port_read port 2, off 0x0000, ret 0x000202a0
usb_xhci_port_read port 1, off 0x0000, ret 0x000202a0
usb_xhci_port_read port 8, off 0x0000, ret 0x000202a0
usb_xhci_port_read port 7, off 0x0000, ret 0x000202a0
usb_xhci_port_read port 6, off 0x0000, ret 0x000202a0
usb_xhci_port_read port 4, off 0x0000, ret 0x000202a0
usb_xhci_port_read port 3, off 0x0000, ret 0x000202a0
usb_xhci_port_read port 2, off 0x0000, ret 0x000202a0
usb_xhci_port_read port 1, off 0x0000, ret 0x000202a0
usb_xhci_port_read port 8, off 0x0000, ret 0x000202a0
usb_xhci_port_read port 7, off 0x0000, ret 0x000202a0
usb_xhci_port_read port 6, off 0x0000, ret 0x000202a0
usb_xhci_ep_kick slotid 1, epid 3, streamid 0
usb_xhci_runtime_write off 0x0038, val 0x1ffdfab0
usb_xhci_runtime_write off 0x003c, val 0x00000000
usb_xhci_doorbell_write off 0x0004, val 0x00000003
usb_xhci_ep_kick slotid 1, epid 3, streamid 0
usb_xhci_fetch_trb addr 0x00000000000e8210, TR_NORMAL, p 0x000000001ffdffa0, s 0x00000008, c 0x00000421
usb_xhci_xfer_start 0x7be23c2851a0: slotid 1, epid 3, streamid 0
usb_xhci_ep_kick slotid 1, epid 3, streamid 0
usb_xhci_xfer_retry 0x7be23c2851a0
usb_xhci_xfer_success 0x7be23c2851a0: len 8
usb_xhci_queue_event v 0, idx 11, ER_TRANSFER, CC_SUCCESS, p 0x00000000000e8210, s 0x01000000, c 0x01038001
usb_xhci_ep_kick slotid 1, epid 3, streamid 0
usb_xhci_runtime_write off 0x0038, val 0x1ffdfac0
usb_xhci_runtime_write off 0x003c, val 0x00000000
usb_xhci_doorbell_write off 0x0004, val 0x00000003
usb_xhci_ep_kick slotid 1, epid 3, streamid 0
usb_xhci_fetch_trb addr 0x00000000000e8220, TR_NORMAL, p 0x000000001ffdffa0, s 0x00000008, c 0x00000421
usb_xhci_xfer_start 0x7be23c02d060: slotid 1, epid 3, streamid 0
usb_xhci_ep_kick slotid 1, epid 3, streamid 0
usb_xhci_xfer_retry 0x7be23c02d060
usb_xhci_xfer_success 0x7be23c02d060: len 8
usb_xhci_queue_event v 0, idx 12, ER_TRANSFER, CC_SUCCESS, p 0x00000000000e8220, s 0x01000000, c 0x01038001
usb_xhci_ep_kick slotid 1, epid 3, streamid 0
usb_xhci_runtime_write off 0x0038, val 0x1ffdfad0
usb_xhci_runtime_write off 0x003c, val 0x00000000
usb_xhci_doorbell_write off 0x0004, val 0x00000003
usb_xhci_ep_kick slotid 1, epid 3, streamid 0
usb_xhci_fetch_trb addr 0x00000000000e8230, TR_NORMAL, p 0x000000001ffdffa0, s 0x00000008, c 0x00000421
usb_xhci_xfer_start 0x7be23c02b630: slotid 1, epid 3, streamid 0
usb_xhci_ep_kick slotid 1, epid 3, streamid 0
usb_xhci_xfer_retry 0x7be23c02b630
usb_xhci_xfer_success 0x7be23c02b630: len 8
usb_xhci_queue_event v 0, idx 13, ER_TRANSFER, CC_SUCCESS, p 0x00000000000e8230, s 0x01000000, c 0x01038001
usb_xhci_ep_kick slotid 1, epid 3, streamid 0
usb_xhci_runtime_write off 0x0038, val 0x1ffdfae0
usb_xhci_runtime_write off 0x003c, val 0x00000000
usb_xhci_doorbell_write off 0x0004, val 0x00000003
usb_xhci_ep_kick slotid 1, epid 3, streamid 0
usb_xhci_fetch_trb addr 0x00000000000e8240, TR_NORMAL, p 0x000000001ffdffa0, s 0x00000008, c 0x00000421
usb_xhci_xfer_start 0x7be23c02b630: slotid 1, epid 3, streamid 0
usb_xhci_ep_kick slotid 1, epid 3, streamid 0
usb_xhci_xfer_retry 0x7be23c02b630
usb_xhci_xfer_success 0x7be23c02b630: len 8
usb_xhci_queue_event v 0, idx 14, ER_TRANSFER, CC_SUCCESS, p 0x00000000000e8240, s 0x01000000, c 0x01038001
usb_xhci_runtime_write off 0x0038, val 0x1ffdfaf0
usb_xhci_runtime_write off 0x003c, val 0x00000000
usb_xhci_doorbell_write off 0x0004, val 0x00000003
usb_xhci_ep_kick slotid 1, epid 3, streamid 0
usb_xhci_fetch_trb addr 0x00000000000e8250, TR_NORMAL, p 0x000000001ffdffa0, s 0x00000008, c 0x00000421
usb_xhci_xfer_start 0x7be23c24fd60: slotid 1, epid 3, streamid 0
usb_xhci_ep_kick slotid 1, epid 3, streamid 0
usb_xhci_xfer_retry 0x7be23c24fd60
usb_xhci_xfer_success 0x7be23c24fd60: len 8
usb_xhci_queue_event v 0, idx 15, ER_TRANSFER, CC_SUCCESS, p 0x00000000000e8250, s 0x01000000, c 0x01038001
usb_xhci_ep_kick slotid 1, epid 3, streamid 0
usb_xhci_runtime_write off 0x0038, val 0x1ffdfa00
usb_xhci_runtime_write off 0x003c, val 0x00000000
usb_xhci_doorbell_write off 0x0004, val 0x00000003
usb_xhci_ep_kick slotid 1, epid 3, streamid 0
usb_xhci_fetch_trb addr 0x00000000000e8260, TR_NORMAL, p 0x000000001ffdffa0, s 0x00000008, c 0x00000421
usb_xhci_xfer_start 0x7be23c159ee0: slotid 1, epid 3, streamid 0
usb_xhci_ep_kick slotid 1, epid 3, streamid 0
usb_xhci_xfer_retry 0x7be23c159ee0
usb_xhci_xfer_success 0x7be23c159ee0: len 8
usb_xhci_queue_event v 0, idx 0, ER_TRANSFER, CC_SUCCESS, p 0x00000000000e8260, s 0x01000000, c 0x01038000
usb_xhci_cap_read off 0x0000, ret 0x01000040
usb_xhci_cap_read off 0x0004, ret 0x08001040
usb_xhci_cap_read off 0x0008, ret 0x0000000f
usb_xhci_cap_read off 0x0014, ret 0x00002000
usb_xhci_cap_read off 0x0018, ret 0x00001000
usb_xhci_oper_read off 0x0004, ret 0x00000008
usb_xhci_oper_write off 0x0000, val 0x00000000
usb_xhci_stop 
usb_xhci_oper_read off 0x0004, ret 0x00000009
usb_xhci_oper_write off 0x0000, val 0x00000002
usb_xhci_reset === RESET ===
usb_xhci_slot_disable slotid 1
usb_xhci_ep_disable slotid 1, epid 1
usb_xhci_ep_disable slotid 1, epid 3
usb_xhci_slot_disable slotid 2
usb_xhci_slot_disable slotid 3
usb_xhci_slot_disable slotid 4
usb_xhci_slot_disable slotid 5
usb_xhci_slot_disable slotid 6
usb_xhci_slot_disable slotid 7
usb_xhci_slot_disable slotid 8
usb_xhci_slot_disable slotid 9
usb_xhci_slot_disable slotid 10
usb_xhci_slot_disable slotid 11
usb_xhci_slot_disable slotid 12
usb_xhci_slot_disable slotid 13
usb_xhci_slot_disable slotid 14
usb_xhci_slot_disable slotid 15
usb_xhci_slot_disable slotid 16
usb_xhci_slot_disable slotid 17
usb_xhci_slot_disable slotid 18
usb_xhci_slot_disable slotid 19
usb_xhci_slot_disable slotid 20
usb_xhci_slot_disable slotid 21
usb_xhci_slot_disable slotid 22
usb_xhci_slot_disable slotid 23
usb_xhci_slot_disable slotid 24
usb_xhci_slot_disable slotid 25
usb_xhci_slot_disable slotid 26
usb_xhci_slot_disable slotid 27
usb_xhci_slot_disable slotid 28
usb_xhci_slot_disable slotid 29
usb_xhci_slot_disable slotid 30
usb_xhci_slot_disable slotid 31
usb_xhci_slot_disable slotid 32
usb_xhci_slot_disable slotid 33
usb_xhci_slot_disable slotid 34
usb_xhci_slot_disable slotid 35
usb_xhci_slot_disable slotid 36
usb_xhci_slot_disable slotid 37
usb_xhci_slot_disable slotid 38
usb_xhci_slot_disable slotid 39
usb_xhci_slot_disable slotid 40
usb_xhci_slot_disable slotid 41
usb_xhci_slot_disable slotid 42
usb_xhci_slot_disable slotid 43
usb_xhci_slot_disable slotid 44
usb_xhci_slot_disable slotid 45
usb_xhci_slot_disable slotid 46
usb_xhci_slot_disable slotid 47
usb_xhci_slot_disable slotid 48
usb_xhci_slot_disable slotid 49
usb_xhci_slot_disable slotid 50
usb_xhci_slot_disable slotid 51
usb_xhci_slot_disable slotid 52
usb_xhci_slot_disable slotid 53
usb_xhci_slot_disable slotid 54
usb_xhci_slot_disable slotid 55
usb_xhci_slot_disable slotid 56
usb_xhci_slot_disable slotid 57
usb_xhci_slot_disable slotid 58
usb_xhci_slot_disable slotid 59
usb_xhci_slot_disable slotid 60
usb_xhci_slot_disable slotid 61
usb_xhci_slot_disable slotid 62
usb_xhci_slot_disable slotid 63
usb_xhci_slot_disable slotid 64
usb_xhci_port_link port 1, pls 5
usb_xhci_port_notify port 1, bits 0x20000
usb_xhci_port_link port 2, pls 5
usb_xhci_port_notify port 2, bits 0x20000
usb_xhci_port_link port 3, pls 5
usb_xhci_port_notify port 3, bits 0x20000
usb_xhci_port_link port 4, pls 5
usb_xhci_port_notify port 4, bits 0x20000
usb_xhci_port_link port 5, pls 7
usb_xhci_port_notify port 5, bits 0x20000
usb_xhci_port_link port 6, pls 5
usb_xhci_port_notify port 6, bits 0x20000
usb_xhci_port_link port 7, pls 5
usb_xhci_port_notify port 7, bits 0x20000
usb_xhci_port_link port 8, pls 5
usb_xhci_port_notify port 8, bits 0x20000
usb_xhci_oper_read off 0x0000, ret 0x00000000
usb_xhci_oper_read off 0x0004, ret 0x00000001
usb_xhci_oper_write off 0x0000, val 0x00000000
usb_xhci_oper_read off 0x0004, ret 0x00000001
usb_xhci_cap_read off 0x0004, ret 0x08001040
usb_xhci_cap_read off 0x0008, ret 0x0000000f
usb_xhci_oper_read off 0x0008, ret 0x00000001
usb_xhci_oper_write off 0x0038, val 0x00000040
usb_xhci_oper_write off 0x0030, val 0x0016d240
usb_xhci_oper_write off 0x0034, val 0x00000000
usb_xhci_oper_write off 0x0018, val 0x0016c241
usb_xhci_oper_write off 0x001c, val 0x00000000
usb_xhci_runtime_write off 0x0028, val 0x00000001
usb_xhci_runtime_write off 0x0038, val 0x0016b240
usb_xhci_runtime_write off 0x003c, val 0x00000000
usb_xhci_runtime_write off 0x0030, val 0x0016b200
usb_xhci_runtime_write off 0x0034, val 0x00000000
usb_xhci_oper_write off 0x0000, val 0x00000001
usb_xhci_run 
usb_xhci_oper_read off 0x0004, ret 0x00000000
usb_xhci_port_read port 1, off 0x0000, ret 0x000202a0
usb_xhci_port_write port 1, off 0x0000, val 0x00fe0000
usb_xhci_port_read port 2, off 0x0000, ret 0x000202a0
usb_xhci_port_write port 2, off 0x0000, val 0x00fe0000
usb_xhci_port_read port 3, off 0x0000, ret 0x000202a0
usb_xhci_port_write port 3, off 0x0000, val 0x00fe0000
usb_xhci_port_read port 4, off 0x0000, ret 0x000202a0
usb_xhci_port_write port 4, off 0x0000, val 0x00fe0000
usb_xhci_port_read port 5, off 0x0000, ret 0x00020ee1
usb_xhci_port_write port 5, off 0x0000, val 0x00fe0000
usb_xhci_port_write port 5, off 0x0000, val 0x00fe0000
usb_xhci_port_read port 5, off 0x0000, ret 0x00000ce1
usb_xhci_port_write port 5, off 0x0000, val 0x00000ee1
usb_xhci_port_write port 5, off 0x0000, val 0x00000010
usb_xhci_port_reset port 5, warm 0
usb_xhci_port_link port 5, pls 0
usb_xhci_port_notify port 5, bits 0x200000
usb_xhci_queue_event v 0, idx 0, ER_PORT_STATUS_CHANGE, CC_SUCCESS, p 0x0000000005000000, s 0x01000000, c 0x00008801
usb_xhci_port_read port 5, off 0x0000, ret 0x00200e03
usb_xhci_port_write port 5, off 0x0000, val 0x00200000
usb_xhci_port_read port 5, off 0x0000, ret 0x00000c03
usb_xhci_doorbell_write off 0x0000, val 0x00000000
usb_xhci_fetch_trb addr 0x000000000016c240, CR_ENABLE_SLOT, p 0x0000000000000000, s 0x00000000, c 0x00002401
usb_xhci_slot_enable slotid 1
usb_xhci_queue_event v 0, idx 1, ER_COMMAND_COMPLETE, CC_SUCCESS, p 0x000000000016c240, s 0x01000000, c 0x01008401
usb_xhci_fetch_trb addr 0x000000000016c250, TRB_RESERVED, p 0x0000000000000000, s 0x00000000, c 0x00000000
usb_xhci_runtime_write off 0x0038, val 0x0016b258
usb_xhci_runtime_write off 0x003c, val 0x00000000
usb_xhci_runtime_write off 0x0038, val 0x0016b268
usb_xhci_runtime_write off 0x003c, val 0x00000000
usb_xhci_doorbell_write off 0x0000, val 0x00000000
usb_xhci_fetch_trb addr 0x000000000016c250, CR_ADDRESS_DEVICE, p 0x000000000011a2c0, s 0x00000000, c 0x01002c01
usb_xhci_slot_address slotid 1, port 1
usb_xhci_ep_enable slotid 1, epid 1
usb_xhci_queue_event v 0, idx 2, ER_COMMAND_COMPLETE, CC_SUCCESS, p 0x000000000016c250, s 0x01000000, c 0x01008401
usb_xhci_fetch_trb addr 0x000000000016c260, TRB_RESERVED, p 0x0000000000000000, s 0x00000000, c 0x00000000
usb_xhci_runtime_write off 0x0038, val 0x0016b278
usb_xhci_runtime_write off 0x003c, val 0x00000000
usb_xhci_doorbell_write off 0x0004, val 0x00000001
usb_xhci_ep_kick slotid 1, epid 1, streamid 0
usb_xhci_fetch_trb addr 0x00000000001192c0, TR_SETUP, p 0x0012000001000680, s 0x00000008, c 0x00020841
usb_xhci_fetch_trb addr 0x00000000001192d0, TR_DATA, p 0x00000000001180c0, s 0x00000012, c 0x00010c01
usb_xhci_fetch_trb addr 0x00000000001192e0, TR_STATUS, p 0x0000000000000000, s 0x00000000, c 0x00001021
usb_xhci_xfer_start 0x7be23c2bc790: slotid 1, epid 1, streamid 0
usb_xhci_xfer_success 0x7be23c2bc790: len 18
usb_xhci_queue_event v 0, idx 3, ER_TRANSFER, CC_SUCCESS, p 0x00000000001192e0, s 0x01000000, c 0x01018001
usb_xhci_runtime_write off 0x0038, val 0x0016b288
usb_xhci_runtime_write off 0x003c, val 0x00000000
usb_xhci_doorbell_write off 0x0004, val 0x00000001
usb_xhci_ep_kick slotid 1, epid 1, streamid 0
usb_xhci_fetch_trb addr 0x00000000001192f0, TR_SETUP, p 0x0100000002000680, s 0x00000008, c 0x00020841
usb_xhci_fetch_trb addr 0x0000000000119300, TR_DATA, p 0x00000000001180c0, s 0x00000100, c 0x00010c01
usb_xhci_fetch_trb addr 0x0000000000119310, TR_STATUS, p 0x0000000000000000, s 0x00000000, c 0x00001021
usb_xhci_xfer_start 0x7be23c2bc590: slotid 1, epid 1, streamid 0
usb_xhci_xfer_success 0x7be23c2bc590: len 34
usb_xhci_queue_event v 0, idx 4, ER_TRANSFER, CC_SUCCESS, p 0x0000000000119310, s 0x01000000, c 0x01018001
usb_xhci_runtime_write off 0x0038, val 0x0016b298
usb_xhci_runtime_write off 0x003c, val 0x00000000
usb_xhci_doorbell_write off 0x0004, val 0x00000001
usb_xhci_ep_kick slotid 1, epid 1, streamid 0
usb_xhci_fetch_trb addr 0x0000000000119320, TR_SETUP, p 0x0000000000010900, s 0x00000008, c 0x00000841
usb_xhci_fetch_trb addr 0x0000000000119330, TR_STATUS, p 0x0000000000000000, s 0x00000000, c 0x00011021
usb_xhci_xfer_start 0x7be23c2bc3f0: slotid 1, epid 1, streamid 0
usb_xhci_xfer_success 0x7be23c2bc3f0: len 0
usb_xhci_queue_event v 0, idx 5, ER_TRANSFER, CC_SUCCESS, p 0x0000000000119330, s 0x01000000, c 0x01018001
usb_xhci_runtime_write off 0x0038, val 0x0016b2a8
usb_xhci_runtime_write off 0x003c, val 0x00000000
usb_xhci_doorbell_write off 0x0004, val 0x00000001
usb_xhci_ep_kick slotid 1, epid 1, streamid 0
usb_xhci_fetch_trb addr 0x0000000000119340, TR_SETUP, p 0x0000000000000b21, s 0x00000008, c 0x00000841
usb_xhci_fetch_trb addr 0x0000000000119350, TR_STATUS, p 0x0000000000000000, s 0x00000000, c 0x00011021
usb_xhci_xfer_start 0x7be23c2bc3f0: slotid 1, epid 1, streamid 0
usb_xhci_xfer_success 0x7be23c2bc3f0: len 0
usb_xhci_queue_event v 0, idx 6, ER_TRANSFER, CC_SUCCESS, p 0x0000000000119350, s 0x01000000, c 0x01018001
usb_xhci_runtime_write off 0x0038, val 0x0016b2b8
usb_xhci_runtime_write off 0x003c, val 0x00000000
usb_xhci_doorbell_write off 0x0004, val 0x00000001
usb_xhci_ep_kick slotid 1, epid 1, streamid 0
usb_xhci_fetch_trb addr 0x0000000000119360, TR_SETUP, p 0x0000000000000a21, s 0x00000008, c 0x00000841
usb_xhci_fetch_trb addr 0x0000000000119370, TR_STATUS, p 0x0000000000000000, s 0x00000000, c 0x00011021
usb_xhci_xfer_start 0x7be23c2bc3f0: slotid 1, epid 1, streamid 0
usb_xhci_xfer_success 0x7be23c2bc3f0: len 0
usb_xhci_queue_event v 0, idx 7, ER_TRANSFER, CC_SUCCESS, p 0x0000000000119370, s 0x01000000, c 0x01018001
usb_xhci_runtime_write off 0x0038, val 0x0016b2c8
usb_xhci_runtime_write off 0x003c, val 0x00000000
usb_xhci_doorbell_write off 0x0000, val 0x00000000
usb_xhci_fetch_trb addr 0x000000000016c260, CR_CONFIGURE_ENDPOINT, p 0x000000000011a2c0, s 0x00000000, c 0x01003001
usb_xhci_slot_configure slotid 1
usb_xhci_ep_disable slotid 1, epid 3
usb_xhci_ep_enable slotid 1, epid 3
usb_xhci_queue_event v 0, idx 8, ER_COMMAND_COMPLETE, CC_SUCCESS, p 0x000000000016c260, s 0x01000000, c 0x01008401
usb_xhci_fetch_trb addr 0x000000000016c270, TRB_RESERVED, p 0x0000000000000000, s 0x00000000, c 0x00000000
usb_xhci_runtime_write off 0x0038, val 0x0016b2d8
usb_xhci_runtime_write off 0x003c, val 0x00000000
usb_xhci_oper_read off 0x0000, ret 0x00000001
usb_xhci_oper_write off 0x0000, val 0x00000005
usb_xhci_oper_write off 0x0004, val 0x00000008
usb_xhci_runtime_write off 0x0024, val 0x00000000
usb_xhci_runtime_write off 0x0020, val 0x00000001
usb_xhci_runtime_write off 0x0020, val 0x00000002
usb_xhci_irq_msix_use nr 0
usb_xhci_runtime_read off 0x0020, ret 0x00000002
usb_xhci_doorbell_write off 0x0004, val 0x00000003
usb_xhci_ep_kick slotid 1, epid 3, streamid 0
usb_xhci_fetch_trb addr 0x00000000001182c0, TR_NORMAL, p 0x0000000000118080, s 0x00000008, c 0x00000421
usb_xhci_xfer_start 0x7be23c2bb210: slotid 1, epid 3, streamid 0
usb_xhci_ep_kick slotid 1, epid 3, streamid 0
usb_xhci_xfer_retry 0x7be23c2bb210
